z11_node5  | [INFO] Delaying start by 4s
z11_node0  | [INFO] 21-01-2026 19:51:35: Node initalized, waiting for UDP packets
z11_node3  | [INFO] Delaying start by 2s
z11_node0  | [INFO] 21-01-2026 19:51:35: TOKEN: have_token=1 pending=0 inflight=0
z11_node2  | [INFO] 21-01-2026 19:51:35: Node initalized, waiting for UDP packets
z11_node4  | [INFO] Delaying start by 2s
z11_node1  | [INFO] 21-01-2026 19:51:35: Node initalized, waiting for UDP packets
z11_node6  | [INFO] Delaying start by 6s
z11_node1  | [INFO] 21-01-2026 19:51:36: Received token via unicast
z11_node1  | [INFO] 21-01-2026 19:51:36: TOKEN: have_token=1 pending=0 inflight=0
z11_node0  | [INFO] 21-01-2026 19:51:37: JOIN_REQUEST id=157074605 name=node3 uni=5000 from=172.18.0.2
z11_node3  | [INFO] 21-01-2026 19:51:37: Node initalized, waiting for UDP packets
z11_node2  | [INFO] 21-01-2026 19:51:37: JOIN_REQUEST id=157074605 name=node3 uni=5000 from=172.18.0.2
z11_node4  | [INFO] 21-01-2026 19:51:37: Node initalized, waiting for UDP packets
z11_node0  | [INFO] 21-01-2026 19:51:37: JOIN_REQUEST id=1227623603 name=node4 uni=5000 from=172.18.0.5
z11_node2  | [INFO] 21-01-2026 19:51:37: JOIN_REQUEST id=1227623603 name=node4 uni=5000 from=172.18.0.5
z11_node2  | [INFO] 21-01-2026 19:51:37: Received token via unicast
z11_node2  | [INFO] 21-01-2026 19:51:37: TOKEN: have_token=1 pending=2 inflight=0
z11_node2  | [INFO] 21-01-2026 19:51:37: JOIN_INFLIGHT START: joiner=node3 req=157074605 (prev=node1 curr=node2)
z11_node1  | [INFO] 21-01-2026 19:51:37: JOIN_REQUEST id=157074605 name=node3 uni=5000 from=172.18.0.2
z11_node1  | [INFO] 21-01-2026 19:51:37: JOIN_REQUEST id=1227623603 name=node4 uni=5000 from=172.18.0.5
z11_node5  | [INFO] 21-01-2026 19:51:39: Node initalized, waiting for UDP packets
z11_node0  | [INFO] 21-01-2026 19:51:39: JOIN_REQUEST id=2769632242 name=node5 uni=5000 from=172.18.0.7
z11_node1  | [INFO] 21-01-2026 19:51:39: JOIN_REQUEST id=2769632242 name=node5 uni=5000 from=172.18.0.7
z11_node3  | [INFO] 21-01-2026 19:51:40: JOIN_REQUEST id=2769632242 name=node5 uni=5000 from=172.18.0.7
z11_node0  | [INFO] 21-01-2026 19:51:41: JOIN_REQUEST id=710564936 name=node6 uni=5000 from=172.18.0.8
z11_node3  | [INFO] 21-01-2026 19:51:41: JOIN_REQUEST id=710564936 name=node6 uni=5000 from=172.18.0.8
z11_node6  | [INFO] 21-01-2026 19:51:41: Node initalized, waiting for UDP packets
z11_node1  | [INFO] 21-01-2026 19:51:41: JOIN_REQUEST id=710564936 name=node6 uni=5000 from=172.18.0.8
z11_node0  | [INFO] 21-01-2026 19:51:43: JOIN_COMMIT: req=157074605 new=node3 topo=1
z11_node2  | [INFO] 21-01-2026 19:51:43: JOIN_INFLIGHT COMPLETE: new prev=node3 topo=1
z11_node3  | [INFO] 21-01-2026 19:51:43: JOIN_COMMIT: req=157074605 new=node3 topo=1
z11_node1  | [INFO] 21-01-2026 19:51:43: JOIN_COMMIT: req=157074605 new=node3 topo=1
z11_node2  | [INFO] 21-01-2026 19:51:45: TOKEN: have_token=1 pending=1 inflight=0
z11_node2  | [INFO] 21-01-2026 19:51:45: JOIN_INFLIGHT START: joiner=node4 req=1227623603 (prev=node3 curr=node2)
z11_node1  | [INFO] 21-01-2026 19:51:49: JOIN_REQUEST id=2769632242 name=node5 uni=5000 from=172.18.0.7
z11_node0  | [INFO] 21-01-2026 19:51:49: JOIN_REQUEST id=2769632242 name=node5 uni=5000 from=172.18.0.7
z11_node3  | [INFO] 21-01-2026 19:51:49: JOIN_REQUEST id=2769632242 name=node5 uni=5000 from=172.18.0.7
z11_node4  | [INFO] 21-01-2026 19:51:49: JOIN_REQUEST id=2769632242 name=node5 uni=5000 from=172.18.0.7
z11_node4  | [INFO] 21-01-2026 19:51:51: JOIN_REQUEST id=710564936 name=node6 uni=5000 from=172.18.0.8
z11_node1  | [INFO] 21-01-2026 19:51:51: JOIN_REQUEST id=710564936 name=node6 uni=5000 from=172.18.0.8
z11_node0  | [INFO] 21-01-2026 19:51:51: JOIN_REQUEST id=710564936 name=node6 uni=5000 from=172.18.0.8
z11_node3  | [INFO] 21-01-2026 19:51:51: JOIN_REQUEST id=710564936 name=node6 uni=5000 from=172.18.0.8
z11_node1  | [INFO] 21-01-2026 19:51:53: JOIN_COMMIT: req=1227623603 new=node4 topo=2
z11_node2  | [INFO] 21-01-2026 19:51:53: JOIN_INFLIGHT COMPLETE: new prev=node4 topo=2
z11_node0  | [INFO] 21-01-2026 19:51:53: JOIN_COMMIT: req=1227623603 new=node4 topo=2
z11_node4  | [INFO] 21-01-2026 19:51:53: JOIN_COMMIT: req=1227623603 new=node4 topo=2
z11_node3  | [INFO] 21-01-2026 19:51:54: JOIN_COMMIT: req=1227623603 new=node4 topo=2
z11_node2  | [INFO] 21-01-2026 19:51:57: JOIN_REQUEST id=2769632242 name=node5 uni=5000 from=172.18.0.7
z11_node2  | [INFO] 21-01-2026 19:51:57: TOKEN: have_token=1 pending=1 inflight=0
z11_node2  | [INFO] 21-01-2026 19:51:57: JOIN_INFLIGHT START: joiner=node5 req=2769632242 (prev=node4 curr=node2)
z11_node5  | [INFO] 21-01-2026 19:52:01: JOIN_REQUEST id=710564936 name=node6 uni=5000 from=172.18.0.8
z11_node1  | [INFO] 21-01-2026 19:52:01: JOIN_REQUEST id=710564936 name=node6 uni=5000 from=172.18.0.8
z11_node0  | [INFO] 21-01-2026 19:52:01: JOIN_REQUEST id=710564936 name=node6 uni=5000 from=172.18.0.8
z11_node3  | [INFO] 21-01-2026 19:52:01: JOIN_REQUEST id=710564936 name=node6 uni=5000 from=172.18.0.8
z11_node4  | [INFO] 21-01-2026 19:52:02: JOIN_REQUEST id=710564936 name=node6 uni=5000 from=172.18.0.8
z11_node2  | [INFO] 21-01-2026 19:52:03: JOIN_INFLIGHT COMPLETE: new prev=node5 topo=3
z11_node5  | [INFO] 21-01-2026 19:52:03: JOIN_COMMIT: req=2769632242 new=node5 topo=3
z11_node0  | [INFO] 21-01-2026 19:52:03: JOIN_COMMIT: req=2769632242 new=node5 topo=3
z11_node3  | [INFO] 21-01-2026 19:52:03: JOIN_COMMIT: req=2769632242 new=node5 topo=3
z11_node1  | [INFO] 21-01-2026 19:52:03: JOIN_COMMIT: req=2769632242 new=node5 topo=3
z11_node4  | [INFO] 21-01-2026 19:52:03: JOIN_COMMIT: req=2769632242 new=node5 topo=3
z11_node2  | [INFO] 21-01-2026 19:52:03: JOIN_REQUEST id=710564936 name=node6 uni=5000 from=172.18.0.8
z11_node2  | [INFO] 21-01-2026 19:52:03: TOKEN: have_token=1 pending=1 inflight=0
z11_node2  | [INFO] 21-01-2026 19:52:03: JOIN_INFLIGHT START: joiner=node6 req=710564936 (prev=node5 curr=node2)
z11_node6  | [INFO] 21-01-2026 19:52:08: JOIN_COMMIT: req=710564936 new=node6 topo=4
z11_node1  | [INFO] 21-01-2026 19:52:08: JOIN_COMMIT: req=710564936 new=node6 topo=4
z11_node3  | [INFO] 21-01-2026 19:52:08: JOIN_COMMIT: req=710564936 new=node6 topo=4
z11_node0  | [INFO] 21-01-2026 19:52:08: JOIN_COMMIT: req=710564936 new=node6 topo=4
z11_node2  | [INFO] 21-01-2026 19:52:08: JOIN_INFLIGHT COMPLETE: new prev=node6 topo=4
z11_node4  | [INFO] 21-01-2026 19:52:08: JOIN_COMMIT: req=710564936 new=node6 topo=4
z11_node5  | [INFO] 21-01-2026 19:52:09: JOIN_COMMIT: req=710564936 new=node6 topo=4
z11_node2  | [INFO] 21-01-2026 19:52:14: JOIN_COMMIT: req=157074605 new=node3 topo=1
z11_node2  | [INFO] 21-01-2026 19:52:14: TOKEN: have_token=1 pending=0 inflight=0
z11_node0  | [INFO] 21-01-2026 19:52:15: Received token via unicast
z11_node0  | [INFO] 21-01-2026 19:52:15: TOKEN: have_token=1 pending=0 inflight=0
z11_node2  | [INFO] 21-01-2026 19:52:16: JOIN_COMMIT: req=1227623603 new=node4 topo=2
z11_node2  | [INFO] 21-01-2026 19:52:16: JOIN_COMMIT: req=2769632242 new=node5 topo=3
z11_node2  | [INFO] 21-01-2026 19:52:16: JOIN_COMMIT: req=710564936 new=node6 topo=4
z11_node1  | [INFO] 21-01-2026 19:52:16: Received token via unicast
z11_node1  | [INFO] 21-01-2026 19:52:16: TOKEN: have_token=1 pending=0 inflight=0
z11_node3  | [INFO] 21-01-2026 19:52:17: Received token via unicast
z11_node3  | [INFO] 21-01-2026 19:52:17: TOKEN: have_token=1 pending=0 inflight=0
z11_node4  | [INFO] 21-01-2026 19:52:18: Received token via unicast
z11_node4  | [INFO] 21-01-2026 19:52:18: TOKEN: have_token=1 pending=0 inflight=0
z11_node5  | [INFO] 21-01-2026 19:52:19: Received token via unicast
z11_node5  | [INFO] 21-01-2026 19:52:19: TOKEN: have_token=1 pending=0 inflight=0
z11_node6  | [INFO] 21-01-2026 19:52:20: Received token via unicast
z11_node6  | [INFO] 21-01-2026 19:52:20: TOKEN: have_token=1 pending=0 inflight=0
z11_node2  | [INFO] 21-01-2026 19:52:21: Received token via unicast
z11_node2  | [INFO] 21-01-2026 19:52:21: TOKEN: have_token=1 pending=0 inflight=0
z11_node0  | [INFO] 21-01-2026 19:52:22: Received token via unicast
z11_node0  | [INFO] 21-01-2026 19:52:22: TOKEN: have_token=1 pending=0 inflight=0
z11_node1  | [INFO] 21-01-2026 19:52:23: Received token via unicast
z11_node1  | [INFO] 21-01-2026 19:52:23: TOKEN: have_token=1 pending=0 inflight=0
z11_node3  | [INFO] 21-01-2026 19:52:24: Received token via unicast
z11_node3  | [INFO] 21-01-2026 19:52:24: TOKEN: have_token=1 pending=0 inflight=0
z11_node4  | [INFO] 21-01-2026 19:52:25: Received token via unicast
z11_node4  | [INFO] 21-01-2026 19:52:25: TOKEN: have_token=1 pending=0 inflight=0
z11_node5  | [INFO] 21-01-2026 19:52:26: Received token via unicast
z11_node5  | [INFO] 21-01-2026 19:52:26: TOKEN: have_token=1 pending=0 inflight=0
z11_node6  | [INFO] 21-01-2026 19:52:27: Received token via unicast
z11_node6  | [INFO] 21-01-2026 19:52:27: TOKEN: have_token=1 pending=0 inflight=0
z11_node2  | [INFO] 21-01-2026 19:52:28: Received token via unicast
z11_node2  | [INFO] 21-01-2026 19:52:28: TOKEN: have_token=1 pending=0 inflight=0
z11_node0  | [INFO] 21-01-2026 19:52:29: Received token via unicast
z11_node0  | [INFO] 21-01-2026 19:52:29: TOKEN: have_token=1 pending=0 inflight=0
z11_node1  | [INFO] 21-01-2026 19:52:30: Received token via unicast
z11_node1  | [INFO] 21-01-2026 19:52:30: TOKEN: have_token=1 pending=0 inflight=0
z11_node3  | [INFO] 21-01-2026 19:52:31: Received token via unicast
z11_node3  | [INFO] 21-01-2026 19:52:31: TOKEN: have_token=1 pending=0 inflight=0
z11_node4  | [INFO] 21-01-2026 19:52:32: Received token via unicast
z11_node4  | [INFO] 21-01-2026 19:52:32: TOKEN: have_token=1 pending=0 inflight=0
z11_node5  | [INFO] 21-01-2026 19:52:33: Received token via unicast
z11_node5  | [INFO] 21-01-2026 19:52:33: TOKEN: have_token=1 pending=0 inflight=0
z11_node6  | [INFO] 21-01-2026 19:52:34: Received token via unicast
z11_node6  | [INFO] 21-01-2026 19:52:34: TOKEN: have_token=1 pending=0 inflight=0
z11_node2  | [INFO] 21-01-2026 19:52:35: Received token via unicast
z11_node2  | [INFO] 21-01-2026 19:52:35: TOKEN: have_token=1 pending=0 inflight=0
z11_node0  | [INFO] 21-01-2026 19:52:36: Received token via unicast
z11_node0  | [INFO] 21-01-2026 19:52:36: TOKEN: have_token=1 pending=0 inflight=0
z11_node1  | [INFO] 21-01-2026 19:52:37: Received token via unicast
z11_node1  | [INFO] 21-01-2026 19:52:37: TOKEN: have_token=1 pending=0 inflight=0
z11_node3  | [INFO] 21-01-2026 19:52:38: Received token via unicast
z11_node3  | [INFO] 21-01-2026 19:52:38: TOKEN: have_token=1 pending=0 inflight=0
z11_node4  | [INFO] 21-01-2026 19:52:39: Received token via unicast
z11_node4  | [INFO] 21-01-2026 19:52:39: TOKEN: have_token=1 pending=0 inflight=0
z11_node5  | [INFO] 21-01-2026 19:52:40: Received token via unicast
z11_node5  | [INFO] 21-01-2026 19:52:40: TOKEN: have_token=1 pending=0 inflight=0
z11_node6  | [INFO] 21-01-2026 19:52:41: Received token via unicast
z11_node6  | [INFO] 21-01-2026 19:52:41: TOKEN: have_token=1 pending=0 inflight=0
z11_node2  | [INFO] 21-01-2026 19:52:42: Received token via unicast
z11_node2  | [INFO] 21-01-2026 19:52:42: TOKEN: have_token=1 pending=0 inflight=0
z11_node0  | [INFO] 21-01-2026 19:52:43: Received token via unicast
z11_node0  | [INFO] 21-01-2026 19:52:43: TOKEN: have_token=1 pending=0 inflight=0
z11_node1  | [INFO] 21-01-2026 19:52:44: Received token via unicast
z11_node1  | [INFO] 21-01-2026 19:52:44: TOKEN: have_token=1 pending=0 inflight=0
z11_node3  | [INFO] 21-01-2026 19:52:45: Received token via unicast
z11_node3  | [INFO] 21-01-2026 19:52:45: TOKEN: have_token=1 pending=0 inflight=0
z11_node4  | [INFO] 21-01-2026 19:52:46: Received token via unicast
z11_node4  | [INFO] 21-01-2026 19:52:46: TOKEN: have_token=1 pending=0 inflight=0
z11_node5  | [INFO] 21-01-2026 19:52:47: Received token via unicast
z11_node5  | [INFO] 21-01-2026 19:52:47: TOKEN: have_token=1 pending=0 inflight=0
z11_node6  | [INFO] 21-01-2026 19:52:48: Received token via unicast
z11_node6  | [INFO] 21-01-2026 19:52:48: TOKEN: have_token=1 pending=0 inflight=0
z11_node2  | [INFO] 21-01-2026 19:52:49: Received token via unicast
z11_node2  | [INFO] 21-01-2026 19:52:49: TOKEN: have_token=1 pending=0 inflight=0
z11_node0  | [INFO] 21-01-2026 19:52:50: Received token via unicast
z11_node0  | [INFO] 21-01-2026 19:52:50: TOKEN: have_token=1 pending=0 inflight=0
z11_node1  | [INFO] 21-01-2026 19:52:51: Received token via unicast
z11_node1  | [INFO] 21-01-2026 19:52:51: TOKEN: have_token=1 pending=0 inflight=0
z11_node3  | [INFO] 21-01-2026 19:52:52: Received token via unicast
z11_node3  | [INFO] 21-01-2026 19:52:52: TOKEN: have_token=1 pending=0 inflight=0
z11_node4  | [INFO] 21-01-2026 19:52:53: Received token via unicast
z11_node4  | [INFO] 21-01-2026 19:52:53: TOKEN: have_token=1 pending=0 inflight=0
z11_node5  | [INFO] 21-01-2026 19:52:54: Received token via unicast
z11_node5  | [INFO] 21-01-2026 19:52:54: TOKEN: have_token=1 pending=0 inflight=0
z11_node6  | [INFO] 21-01-2026 19:52:55: Received token via unicast
z11_node6  | [INFO] 21-01-2026 19:52:55: TOKEN: have_token=1 pending=0 inflight=0
z11_node2  | [INFO] 21-01-2026 19:52:56: Received token via unicast
z11_node2  | [INFO] 21-01-2026 19:52:56: TOKEN: have_token=1 pending=0 inflight=0
z11_node0  | [INFO] 21-01-2026 19:52:57: Received token via unicast
z11_node0  | [INFO] 21-01-2026 19:52:57: TOKEN: have_token=1 pending=0 inflight=0
z11_node1  | [INFO] 21-01-2026 19:52:58: Received token via unicast
z11_node1  | [INFO] 21-01-2026 19:52:58: TOKEN: have_token=1 pending=0 inflight=0
z11_node3  | [INFO] 21-01-2026 19:52:59: Received token via unicast
z11_node3  | [INFO] 21-01-2026 19:52:59: TOKEN: have_token=1 pending=0 inflight=0
z11_node4  | [INFO] 21-01-2026 19:53:00: Received token via unicast
z11_node4  | [INFO] 21-01-2026 19:53:00: TOKEN: have_token=1 pending=0 inflight=0
z11_node5  | [INFO] 21-01-2026 19:53:01: Received token via unicast
z11_node5  | [INFO] 21-01-2026 19:53:01: TOKEN: have_token=1 pending=0 inflight=0
z11_node6  | [INFO] 21-01-2026 19:53:02: Received token via unicast
z11_node6  | [INFO] 21-01-2026 19:53:02: TOKEN: have_token=1 pending=0 inflight=0
z11_node2  | [INFO] 21-01-2026 19:53:03: Received token via unicast
z11_node2  | [INFO] 21-01-2026 19:53:03: TOKEN: have_token=1 pending=0 inflight=0
z11_node0  | [INFO] 21-01-2026 19:53:04: Received token via unicast
z11_node0  | [INFO] 21-01-2026 19:53:04: TOKEN: have_token=1 pending=0 inflight=0
z11_node1  | [INFO] 21-01-2026 19:53:05: Received token via unicast
z11_node1  | [INFO] 21-01-2026 19:53:05: TOKEN: have_token=1 pending=0 inflight=0
z11_node3  | [INFO] 21-01-2026 19:53:06: Received token via unicast
z11_node3  | [INFO] 21-01-2026 19:53:06: TOKEN: have_token=1 pending=0 inflight=0
z11_node4  | [INFO] 21-01-2026 19:53:07: Received token via unicast
z11_node4  | [INFO] 21-01-2026 19:53:07: TOKEN: have_token=1 pending=0 inflight=0
z11_node5  | [INFO] 21-01-2026 19:53:08: Received token via unicast
z11_node5  | [INFO] 21-01-2026 19:53:08: TOKEN: have_token=1 pending=0 inflight=0
z11_node6  | [INFO] 21-01-2026 19:53:09: Received token via unicast
z11_node6  | [INFO] 21-01-2026 19:53:09: TOKEN: have_token=1 pending=0 inflight=0
z11_node2  | [INFO] 21-01-2026 19:53:10: Received token via unicast
z11_node2  | [INFO] 21-01-2026 19:53:10: TOKEN: have_token=1 pending=0 inflight=0
z11_node0  | [INFO] 21-01-2026 19:53:11: Received token via unicast
z11_node0  | [INFO] 21-01-2026 19:53:11: TOKEN: have_token=1 pending=0 inflight=0
z11_node1  | [INFO] 21-01-2026 19:53:12: Received token via unicast
z11_node1  | [INFO] 21-01-2026 19:53:12: TOKEN: have_token=1 pending=0 inflight=0
z11_node3  | [INFO] 21-01-2026 19:53:13: Received token via unicast
z11_node3  | [INFO] 21-01-2026 19:53:13: TOKEN: have_token=1 pending=0 inflight=0
z11_node4  | [INFO] 21-01-2026 19:53:14: Received token via unicast
z11_node4  | [INFO] 21-01-2026 19:53:14: TOKEN: have_token=1 pending=0 inflight=0
z11_node5  | [INFO] 21-01-2026 19:53:15: Received token via unicast
z11_node5  | [INFO] 21-01-2026 19:53:15: TOKEN: have_token=1 pending=0 inflight=0
z11_node6  | [INFO] 21-01-2026 19:53:16: Received token via unicast
z11_node6  | [INFO] 21-01-2026 19:53:16: TOKEN: have_token=1 pending=0 inflight=0
z11_node2  | [INFO] 21-01-2026 19:53:17: Received token via unicast
z11_node2  | [INFO] 21-01-2026 19:53:17: TOKEN: have_token=1 pending=0 inflight=0
z11_node0  | [INFO] 21-01-2026 19:53:18: Received token via unicast
z11_node0  | [INFO] 21-01-2026 19:53:18: TOKEN: have_token=1 pending=0 inflight=0
z11_node1  | [INFO] 21-01-2026 19:53:19: Received token via unicast
z11_node1  | [INFO] 21-01-2026 19:53:19: TOKEN: have_token=1 pending=0 inflight=0
z11_node3  | [INFO] 21-01-2026 19:53:20: Received token via unicast
z11_node3  | [INFO] 21-01-2026 19:53:20: TOKEN: have_token=1 pending=0 inflight=0
z11_node4  | [INFO] 21-01-2026 19:53:21: Received token via unicast
z11_node4  | [INFO] 21-01-2026 19:53:21: TOKEN: have_token=1 pending=0 inflight=0
z11_node5  | [INFO] 21-01-2026 19:53:22: Received token via unicast
z11_node5  | [INFO] 21-01-2026 19:53:22: TOKEN: have_token=1 pending=0 inflight=0
z11_node6  | [INFO] 21-01-2026 19:53:23: Received token via unicast
z11_node6  | [INFO] 21-01-2026 19:53:23: TOKEN: have_token=1 pending=0 inflight=0
z11_node2  | [INFO] 21-01-2026 19:53:24: Received token via unicast
z11_node2  | [INFO] 21-01-2026 19:53:24: TOKEN: have_token=1 pending=0 inflight=0
z11_node0  | [INFO] 21-01-2026 19:53:25: Received token via unicast
z11_node0  | [INFO] 21-01-2026 19:53:25: TOKEN: have_token=1 pending=0 inflight=0
z11_node1  | [INFO] 21-01-2026 19:53:26: Received token via unicast
z11_node1  | [INFO] 21-01-2026 19:53:26: TOKEN: have_token=1 pending=0 inflight=0
z11_node3  | [INFO] 21-01-2026 19:53:27: Received token via unicast
z11_node3  | [INFO] 21-01-2026 19:53:27: TOKEN: have_token=1 pending=0 inflight=0
z11_node4  | [INFO] 21-01-2026 19:53:28: Received token via unicast
z11_node4  | [INFO] 21-01-2026 19:53:28: TOKEN: have_token=1 pending=0 inflight=0
z11_node5  | [INFO] 21-01-2026 19:53:29: Received token via unicast
z11_node5  | [INFO] 21-01-2026 19:53:29: TOKEN: have_token=1 pending=0 inflight=0
z11_node6  | [INFO] 21-01-2026 19:53:30: Received token via unicast
z11_node6  | [INFO] 21-01-2026 19:53:30: TOKEN: have_token=1 pending=0 inflight=0
z11_node2  | [INFO] 21-01-2026 19:53:31: Received token via unicast
z11_node2  | [INFO] 21-01-2026 19:53:31: TOKEN: have_token=1 pending=0 inflight=0
z11_node0  | [INFO] 21-01-2026 19:53:32: Received token via unicast
z11_node0  | [INFO] 21-01-2026 19:53:32: TOKEN: have_token=1 pending=0 inflight=0
z11_node1  | [INFO] 21-01-2026 19:53:33: Received token via unicast
z11_node1  | [INFO] 21-01-2026 19:53:33: TOKEN: have_token=1 pending=0 inflight=0
z11_node3  | [INFO] 21-01-2026 19:53:34: Received token via unicast
z11_node3  | [INFO] 21-01-2026 19:53:34: TOKEN: have_token=1 pending=0 inflight=0
z11_node4  | [INFO] 21-01-2026 19:53:35: Received token via unicast
z11_node4  | [INFO] 21-01-2026 19:53:35: TOKEN: have_token=1 pending=0 inflight=0
z11_node5  | [INFO] 21-01-2026 19:53:36: Received token via unicast
z11_node5  | [INFO] 21-01-2026 19:53:36: TOKEN: have_token=1 pending=0 inflight=0
z11_node6  | [INFO] 21-01-2026 19:53:37: Received token via unicast
z11_node6  | [INFO] 21-01-2026 19:53:37: TOKEN: have_token=1 pending=0 inflight=0
z11_node2  | [INFO] 21-01-2026 19:53:38: Received token via unicast
z11_node2  | [INFO] 21-01-2026 19:53:38: TOKEN: have_token=1 pending=0 inflight=0
z11_node0  | [INFO] 21-01-2026 19:53:39: Received token via unicast
z11_node0  | [INFO] 21-01-2026 19:53:39: TOKEN: have_token=1 pending=0 inflight=0
z11_node1  | [INFO] 21-01-2026 19:53:40: Received token via unicast
z11_node1  | [INFO] 21-01-2026 19:53:40: TOKEN: have_token=1 pending=0 inflight=0
z11_node3  | [INFO] 21-01-2026 19:53:41: Received token via unicast
z11_node3  | [INFO] 21-01-2026 19:53:41: TOKEN: have_token=1 pending=0 inflight=0
z11_node4  | [INFO] 21-01-2026 19:53:42: Received token via unicast
z11_node4  | [INFO] 21-01-2026 19:53:42: TOKEN: have_token=1 pending=0 inflight=0
z11_node5  | [INFO] 21-01-2026 19:53:43: Received token via unicast
z11_node5  | [INFO] 21-01-2026 19:53:43: TOKEN: have_token=1 pending=0 inflight=0
z11_node6  | [INFO] 21-01-2026 19:53:44: Received token via unicast
z11_node6  | [INFO] 21-01-2026 19:53:44: TOKEN: have_token=1 pending=0 inflight=0
z11_node2  | [INFO] 21-01-2026 19:53:45: Received token via unicast
z11_node2  | [INFO] 21-01-2026 19:53:45: TOKEN: have_token=1 pending=0 inflight=0
z11_node0  | [INFO] 21-01-2026 19:53:46: Received token via unicast
z11_node0  | [INFO] 21-01-2026 19:53:46: TOKEN: have_token=1 pending=0 inflight=0
z11_node1  | [INFO] 21-01-2026 19:53:47: Received token via unicast
z11_node1  | [INFO] 21-01-2026 19:53:47: TOKEN: have_token=1 pending=0 inflight=0
z11_node3  | [INFO] 21-01-2026 19:53:48: Received token via unicast
z11_node3  | [INFO] 21-01-2026 19:53:48: TOKEN: have_token=1 pending=0 inflight=0
z11_node4  | [INFO] 21-01-2026 19:53:49: Received token via unicast
z11_node4  | [INFO] 21-01-2026 19:53:49: TOKEN: have_token=1 pending=0 inflight=0
z11_node5  | [INFO] 21-01-2026 19:53:50: Received token via unicast
z11_node5  | [INFO] 21-01-2026 19:53:50: TOKEN: have_token=1 pending=0 inflight=0
z11_node6  | [INFO] 21-01-2026 19:53:51: Received token via unicast
z11_node6  | [INFO] 21-01-2026 19:53:51: TOKEN: have_token=1 pending=0 inflight=0
z11_node2  | [INFO] 21-01-2026 19:53:52: Received token via unicast
z11_node2  | [INFO] 21-01-2026 19:53:52: TOKEN: have_token=1 pending=0 inflight=0
z11_node0  | [INFO] 21-01-2026 19:53:53: Received token via unicast
z11_node0  | [INFO] 21-01-2026 19:53:53: TOKEN: have_token=1 pending=0 inflight=0
z11_node1  | [INFO] 21-01-2026 19:53:54: Received token via unicast
z11_node1  | [INFO] 21-01-2026 19:53:54: TOKEN: have_token=1 pending=0 inflight=0
z11_node3  | [INFO] 21-01-2026 19:53:55: Received token via unicast
z11_node3  | [INFO] 21-01-2026 19:53:55: TOKEN: have_token=1 pending=0 inflight=0
z11_node4  | [INFO] 21-01-2026 19:53:56: Received token via unicast
z11_node4  | [INFO] 21-01-2026 19:53:56: TOKEN: have_token=1 pending=0 inflight=0
z11_node5  | [INFO] 21-01-2026 19:53:57: Received token via unicast
z11_node5  | [INFO] 21-01-2026 19:53:57: TOKEN: have_token=1 pending=0 inflight=0
z11_node6  | [INFO] 21-01-2026 19:53:58: Received token via unicast
z11_node6  | [INFO] 21-01-2026 19:53:58: TOKEN: have_token=1 pending=0 inflight=0
z11_node2  | [INFO] 21-01-2026 19:53:59: Received token via unicast
z11_node2  | [INFO] 21-01-2026 19:53:59: TOKEN: have_token=1 pending=0 inflight=0
z11_node0  | [INFO] 21-01-2026 19:54:00: Received token via unicast
z11_node0  | [INFO] 21-01-2026 19:54:00: TOKEN: have_token=1 pending=0 inflight=0
z11_node1  | [INFO] 21-01-2026 19:54:01: Received token via unicast
z11_node1  | [INFO] 21-01-2026 19:54:01: TOKEN: have_token=1 pending=0 inflight=0
z11_node3  | [INFO] 21-01-2026 19:54:02: Received token via unicast
z11_node3  | [INFO] 21-01-2026 19:54:02: TOKEN: have_token=1 pending=0 inflight=0
z11_node4  | [INFO] 21-01-2026 19:54:03: Received token via unicast
z11_node4  | [INFO] 21-01-2026 19:54:03: TOKEN: have_token=1 pending=0 inflight=0
z11_node5  | [INFO] 21-01-2026 19:54:04: Received token via unicast
z11_node5  | [INFO] 21-01-2026 19:54:04: TOKEN: have_token=1 pending=0 inflight=0
z11_node6  | [INFO] 21-01-2026 19:54:05: Received token via unicast
z11_node6  | [INFO] 21-01-2026 19:54:05: TOKEN: have_token=1 pending=0 inflight=0
z11_node2  | [INFO] 21-01-2026 19:54:06: Received token via unicast
z11_node2  | [INFO] 21-01-2026 19:54:06: TOKEN: have_token=1 pending=0 inflight=0
z11_node0  | [INFO] 21-01-2026 19:54:07: Received token via unicast
z11_node0  | [INFO] 21-01-2026 19:54:07: TOKEN: have_token=1 pending=0 inflight=0
z11_node1  | [INFO] 21-01-2026 19:54:08: Received token via unicast
z11_node1  | [INFO] 21-01-2026 19:54:08: TOKEN: have_token=1 pending=0 inflight=0
z11_node3  | [INFO] 21-01-2026 19:54:09: Received token via unicast
z11_node3  | [INFO] 21-01-2026 19:54:09: TOKEN: have_token=1 pending=0 inflight=0
z11_node4  | [INFO] 21-01-2026 19:54:10: Received token via unicast
z11_node4  | [INFO] 21-01-2026 19:54:10: TOKEN: have_token=1 pending=0 inflight=0
z11_node5  | [INFO] 21-01-2026 19:54:11: Received token via unicast
z11_node5  | [INFO] 21-01-2026 19:54:11: TOKEN: have_token=1 pending=0 inflight=0
z11_node6  | [INFO] 21-01-2026 19:54:12: Received token via unicast
z11_node6  | [INFO] 21-01-2026 19:54:12: TOKEN: have_token=1 pending=0 inflight=0
z11_node2  | [INFO] 21-01-2026 19:54:13: Received token via unicast
z11_node2  | [INFO] 21-01-2026 19:54:13: TOKEN: have_token=1 pending=0 inflight=0
z11_node0  | [INFO] 21-01-2026 19:54:14: Received token via unicast
z11_node0  | [INFO] 21-01-2026 19:54:14: TOKEN: have_token=1 pending=0 inflight=0
z11_node1  | [INFO] 21-01-2026 19:54:15: Received token via unicast
z11_node1  | [INFO] 21-01-2026 19:54:15: TOKEN: have_token=1 pending=0 inflight=0
z11_node3  | [INFO] 21-01-2026 19:54:16: Received token via unicast
z11_node3  | [INFO] 21-01-2026 19:54:16: TOKEN: have_token=1 pending=0 inflight=0
z11_node4  | [INFO] 21-01-2026 19:54:17: Received token via unicast
z11_node4  | [INFO] 21-01-2026 19:54:17: TOKEN: have_token=1 pending=0 inflight=0
z11_node5  | [INFO] 21-01-2026 19:54:18: Received token via unicast
z11_node5  | [INFO] 21-01-2026 19:54:18: TOKEN: have_token=1 pending=0 inflight=0
z11_node6  | [INFO] 21-01-2026 19:54:19: Received token via unicast
z11_node6  | [INFO] 21-01-2026 19:54:19: TOKEN: have_token=1 pending=0 inflight=0
z11_node2  | [INFO] 21-01-2026 19:54:20: Received token via unicast
z11_node2  | [INFO] 21-01-2026 19:54:20: TOKEN: have_token=1 pending=0 inflight=0
z11_node0  | [INFO] 21-01-2026 19:54:21: Received token via unicast
z11_node0  | [INFO] 21-01-2026 19:54:21: TOKEN: have_token=1 pending=0 inflight=0
z11_node1  | [INFO] 21-01-2026 19:54:22: Received token via unicast
z11_node1  | [INFO] 21-01-2026 19:54:22: TOKEN: have_token=1 pending=0 inflight=0
z11_node3  | [INFO] 21-01-2026 19:54:23: Received token via unicast
z11_node3  | [INFO] 21-01-2026 19:54:23: TOKEN: have_token=1 pending=0 inflight=0
z11_node4  | [INFO] 21-01-2026 19:54:24: Received token via unicast
z11_node4  | [INFO] 21-01-2026 19:54:24: TOKEN: have_token=1 pending=0 inflight=0
z11_node5  | [INFO] 21-01-2026 19:54:25: Received token via unicast
z11_node5  | [INFO] 21-01-2026 19:54:25: TOKEN: have_token=1 pending=0 inflight=0
z11_node6  | [INFO] 21-01-2026 19:54:26: Received token via unicast
z11_node6  | [INFO] 21-01-2026 19:54:26: TOKEN: have_token=1 pending=0 inflight=0
z11_node2  | [INFO] 21-01-2026 19:54:27: Received token via unicast
z11_node2  | [INFO] 21-01-2026 19:54:27: TOKEN: have_token=1 pending=0 inflight=0
z11_node0  | [INFO] 21-01-2026 19:54:28: Received token via unicast
z11_node0  | [INFO] 21-01-2026 19:54:28: TOKEN: have_token=1 pending=0 inflight=0
z11_node1  | [INFO] 21-01-2026 19:54:29: Received token via unicast
z11_node1  | [INFO] 21-01-2026 19:54:29: TOKEN: have_token=1 pending=0 inflight=0
z11_node3  | [INFO] 21-01-2026 19:54:30: Received token via unicast
z11_node3  | [INFO] 21-01-2026 19:54:30: TOKEN: have_token=1 pending=0 inflight=0
z11_node4  | [INFO] 21-01-2026 19:54:31: Received token via unicast
z11_node4  | [INFO] 21-01-2026 19:54:31: TOKEN: have_token=1 pending=0 inflight=0
z11_node5  | [INFO] 21-01-2026 19:54:32: Received token via unicast
z11_node5  | [INFO] 21-01-2026 19:54:32: TOKEN: have_token=1 pending=0 inflight=0

